{
  "schema_version": 1,
  "updated": "2026-06-29T17:11:00.378927+00:00",
  "operation": {
    "operation_owner": "tools/v7-users-autoswitch",
    "operation_type": "runtime_autoswitch",
    "operation_started_at": "2026-06-29T17:11:00.377935+00:00",
    "planner_generation_id": "0fd29c7012c76a8cb0497e975c8d43f9212c2453c91aa15068ee35c22344ea88",
    "selected_move_hash": "4f53cda18c2baa0c0354bb5f9a3ecbe5ed12ab4d8e11ba873c2f11161202b945",
    "selected_move_count": 0,
    "runtime_snapshot_hash": "c41e64ccd42ddc46d2c896446d7ec09e7162298b1263b47933529eb4fbf57097",
    "operation_id": "runtime_autoswitch_51fd5a5151007246f95a0fd6",
    "atomic_execution_envelope_id": "aee_b44669cb021060f2979ee57a",
    "atomic_execution_envelope_hash": "b44669cb021060f2979ee57af0207f7b8ae317a442d840039d88b1e88e3cf4ab",
    "terminal_state": "DRY_RUN",
    "terminal_reason": "dry_run_no_selected_moves"
  },
  "routing_brain": {
    "schema_version": "ri2.routing-brain-advisory.v1",
    "mode": "planner_advisory_context",
    "intelligence_present": false,
    "intelligence_confidence": 0.0,
    "service_history_score": 0.0,
    "weighted_service_score": 0.0,
    "execution_trust_score": 0.0,
    "recommended_blast_radius": 0,
    "intelligence_used_for_explanation": false,
    "planner_decision_owner": "tools/v7-users-autoswitch",
    "execution_authority": "none",
    "selected_moves_write_authority": "none",
    "unavailable_reason": "routing_brain_import_unavailable:ModuleNotFoundError"
  },
  "ctr_shadow_comparison": {
    "schema_version": "v7.ctr.shadow-comparison.v1",
    "mode": "dry_run_shadow_comparison_only",
    "cycles": [],
    "statistics": {
      "total_planner_cycles": 0,
      "cycles_with_ranking_change": 0,
      "cycles_without_ranking_change": 0,
      "top_candidate_changes": 0,
      "top3_changes": 0,
      "pool_order_changes": 0,
      "pool_membership_changes": 0,
      "service_improvements": 0,
      "service_regressions": 0,
      "decision_quality_improvements": 0,
      "decision_quality_regressions": 0,
      "neutral_outcomes": 0
    },
    "state_analysis": {
      "TRUSTED": {
        "candidates": 0,
        "promoted": 0,
        "demoted": 0,
        "unchanged": 0
      },
      "WATCH": {
        "candidates": 0,
        "promoted": 0,
        "demoted": 0,
        "unchanged": 0
      },
      "NEW": {
        "candidates": 0,
        "promoted": 0,
        "demoted": 0,
        "unchanged": 0
      },
      "RECOVERING": {
        "candidates": 0,
        "promoted": 0,
        "demoted": 0,
        "unchanged": 0
      },
      "DEGRADED": {
        "candidates": 0,
        "promoted": 0,
        "demoted": 0,
        "unchanged": 0
      },
      "QUARANTINED": {
        "candidates": 0,
        "promoted": 0,
        "demoted": 0,
        "unchanged": 0
      },
      "UNKNOWN": {
        "candidates": 0,
        "promoted": 0,
        "demoted": 0,
        "unchanged": 0
      }
    },
    "ctr_influence_quality": "NEUTRAL",
    "readiness_review": {
      "soft_score_application": "NEEDS_MORE_DATA",
      "shadow_scoring": "READY",
      "planner_influence": "NOT_READY",
      "pool_influence": "NEEDS_MORE_DATA",
      "governance_influence": "READY"
    },
    "no_bypass": {
      "selected_moves_changed": false,
      "planner_ranking_changed": false,
      "runtime_behavior_changed": false,
      "routing_changed": false,
      "governance_authority_changed": false,
      "packet_authority_changed": false
    },
    "final_verdict": "CTR_NO_MEANINGFUL_VALUE"
  },
  "enabled": true,
  "mode": "guarded",
  "apply_requested": false,
  "target_egress": "",
  "safety": {
    "read_only_without_apply": true,
    "planned_limit": 1,
    "failover_limit": 25,
    "reconnect_limit": 10,
    "requested_max_selected_moves": 0,
    "blast_radius_cap_applied": false,
    "authority_budget_cap_applied": false,
    "authority_budget_gate": {
      "schema_version": "v7.authority-budget-gate.v1",
      "enabled": true,
      "truth_source": "existing_policy_files",
      "runtime_calculation_mode": "prepared_and_certified_min_authority",
      "authority_class": "CANARY",
      "prepared_authority_class": "CANARY",
      "certified_authority_class": "CANARY",
      "authority_lifecycle_state": "CERTIFIED",
      "current_allowed_user_budget": 1,
      "next_authority_class": "SMALL_BATCH",
      "next_allowed_user_budget": 2,
      "selected_moves_before_gate": 0,
      "selected_moves_after_gate": 0,
      "authority_cap_applied": false,
      "decision": "selected_moves_within_authority_budget",
      "action": "continue_existing_runtime_lifecycle",
      "executor": "tools/v7-users-autoswitch",
      "trigger": "after_policy_selection_before_restore_barrier_snapshot_apply",
      "written_evidence": "plan.safety.authority_budget_gate",
      "blocked_actions": [],
      "next_state": "CANARY",
      "authority_lifecycle": {
        "schema_version": "v7.authority-governance-lifecycle.v1",
        "state": "CERTIFIED",
        "prepared_authority_class": "CANARY",
        "certified_authority_class": "CANARY",
        "runtime_authority_class": "CANARY",
        "prepared_budget_ceiling": 1,
        "certified_budget_ceiling": 1,
        "runtime_allowed_user_budget": 1,
        "prepared_exceeds_certified": false,
        "model": {
          "PREPARED": "Policy is staged for a higher class, but certified evidence has not caught up; runtime caps to certified authority.",
          "CERTIFIED": "Evidence supports the prepared class and runtime may use that class ceiling.",
          "CANARY_CERTIFIED": "Alias of CERTIFIED for the one-user governed authority floor.",
          "CANARY_EXPANSION": "A transitional bridge from certified CANARY to prepared SMALL_BATCH that permits only the next blast-radius step with explicit bridge evidence.",
          "PROVISIONAL_SMALL_BATCH": "A transitional bridge that allows the first bounded 2-user cohort without certifying SMALL_BATCH.",
          "SMALL_BATCH_CERTIFIED": "Alias of CERTIFIED for completed SMALL_BATCH evidence.",
          "PROMOTED": "A certified class has been explicitly promoted after required outcomes, rollback, verification, and closure evidence.",
          "DEMOTED": "Runtime authority is intentionally below available certification because risk or operator policy reduced scope.",
          "FROZEN": "Runtime authority is temporarily zero because truth, evidence, snapshot, trust, prediction, or governance state is unknown.",
          "REVOKED": "Runtime authority is zero until a fresh operator governance program reinstates it."
        },
        "bridge_model": {
          "schema_version": "v7.authority-transition-bridge-model.v1",
          "purpose": "break_canary_to_small_batch_deadlock_without_certifying_small_batch",
          "states": {
            "CANARY_CERTIFIED": {
              "budget": 1,
              "entry_criteria": [
                "one_successful_governed_user",
                "verification",
                "rollback_readiness",
                "outcome_closure"
              ],
              "exit_criteria": [
                "explicit_operator_bridge_request",
                "fresh_restore_barrier",
                "snapshot_gate_clean"
              ]
            },
            "CANARY_EXPANSION": {
              "budget": 2,
              "entry_criteria": [
                "CANARY_CERTIFIED",
                "prepared_authority_class_SMALL_BATCH",
                "certified_authority_class_CANARY"
              ],
              "exit_criteria": [
                "2_user_execution_verified",
                "outcome_feedback_materialized"
              ],
              "promotion_certification": false
            },
            "PROVISIONAL_SMALL_BATCH": {
              "budget": 2,
              "entry_criteria": [
                "CANARY_EXPANSION_ready",
                "operator_approval_packet",
                "rollback_manifest_ready"
              ],
              "exit_criteria": [
                "successful_2_user_governed_execution",
                "trust_prediction_recommendation_feedback"
              ],
              "promotion_certification": false
            },
            "SMALL_BATCH_CERTIFIED": {
              "budget": 2,
              "entry_criteria": [
                "successful_2_user_governed_execution",
                "verification",
                "outcome_feedback",
                "no_snapshot_mismatch"
              ],
              "exit_criteria": [
                "operator_promoted_next_authority_class"
              ],
              "promotion_certification": true
            }
          },
          "new_truth_sources_created": false,
          "duplicate_systems_created": false
        },
        "certification_rules": {
          "CANARY": {
            "required_successful_governed_users": 1,
            "requires_rollback_capability": true,
            "requires_verification": true,
            "requires_outcome_closure": true
          },
          "SMALL_BATCH": {
            "required_successful_governed_users": 2,
            "requires_prior_canary_certification": true,
            "requires_atomic_execution_envelope": true,
            "requires_no_snapshot_source_mismatch": true,
            "requires_outcome_feedback": true
          },
          "MEDIUM_BATCH": {
            "required_successful_small_batch_runs": 2,
            "requires_no_recent_rollback_or_verification_failure": true,
            "requires_trust_prediction_recommendation_feedback": true
          },
          "LARGE_BATCH": {
            "required_successful_medium_batch_runs": 2,
            "requires_stable_runtime_truth_window": true,
            "requires_operator_review": true
          },
          "POOL": {
            "requires_large_batch_certification": true,
            "requires_sustained_no_regression_window": true,
            "requires_explicit_pool_governance": true
          }
        },
        "governance": {
          "promotion": {
            "owner": "operator_governance_existing_policy",
            "executor": "tools/v7-users-autoswitch",
            "requires_explicit_operator_approval": true,
            "requires_runtime_truth_known": true,
            "requires_successful_outcomes": true,
            "requires_verification_evidence": true,
            "requires_rollback_capability_evidence": true,
            "requires_trust_prediction_recommendation_feedback": true,
            "eligible": true,
            "blockers": []
          },
          "demotion": {
            "owner": "operator_governance_existing_policy",
            "executor": "tools/v7-users-autoswitch",
            "triggers": [
              "rollback_required_or_failed",
              "verification_failure",
              "prediction_degradation",
              "trust_degradation",
              "service_instability",
              "operator_policy_reduction"
            ],
            "risks": []
          },
          "freeze": {
            "owner": "operator_governance_existing_policy",
            "executor": "tools/v7-users-autoswitch",
            "triggers": [
              "missing_evidence",
              "unknown_runtime_truth",
              "snapshot_source_mismatch",
              "approval_packet_missing_or_stale",
              "restore_barrier_missing_or_stale",
              "trust_or_prediction_unknown"
            ],
            "action": "set_effective_runtime_budget_to_zero_until_truth_or_evidence_is_known"
          }
        },
        "action_matrix": {
          "PREPARED": {
            "condition": "prepared_authority_class_above_certified_authority_class",
            "decision": "cap_to_certified_authority",
            "action": "allow_only_certified_budget",
            "executor": "tools/v7-users-autoswitch",
            "trigger": "authority_budget_gate",
            "written_evidence": "plan.safety.authority_budget_gate.authority_lifecycle",
            "blocked_actions": [
              "promotion_without_certification",
              "apply_above_certified_budget"
            ],
            "next_state": "CERTIFIED after required evidence"
          },
          "CERTIFIED": {
            "condition": "prepared_authority_class_equals_certified_authority_class",
            "decision": "allow_certified_budget",
            "action": "continue_existing_runtime_lifecycle",
            "executor": "tools/v7-users-autoswitch",
            "trigger": "authority_budget_gate",
            "written_evidence": "plan.safety.authority_budget_gate.authority_lifecycle",
            "blocked_actions": [
              "apply_above_certified_budget"
            ],
            "next_state": "PROMOTED only after explicit operator governance"
          },
          "CANARY_EXPANSION": {
            "condition": "certified_CANARY_prepared_SMALL_BATCH_with_explicit_bridge_state",
            "decision": "allow_transitional_2_user_bridge_budget_without_certifying_small_batch",
            "action": "permit_only_next_blast_radius_step_through_existing_restore_barrier_snapshot_and_apply_path",
            "executor": "tools/v7-users-autoswitch",
            "trigger": "authority_budget_gate",
            "written_evidence": "plan.safety.authority_budget_gate.authority_bridge",
            "blocked_actions": [
              "small_batch_certification",
              "budget_above_2",
              "promotion_without_2_user_outcome_feedback"
            ],
            "next_state": "PROVISIONAL_SMALL_BATCH or FROZEN on risk"
          },
          "PROVISIONAL_SMALL_BATCH": {
            "condition": "first_2_user_governed_cohort_ready_but_not_yet_certified",
            "decision": "allow_single_provisional_2_user_cohort",
            "action": "require_verification_outcome_feedback_before_certification",
            "executor": "tools/v7-users-autoswitch",
            "trigger": "authority_budget_gate",
            "written_evidence": "plan.safety.authority_budget_gate.authority_bridge",
            "blocked_actions": [
              "repeat_without_closure",
              "medium_batch_promotion",
              "production_autonomy"
            ],
            "next_state": "SMALL_BATCH_CERTIFIED after successful evidence or DEMOTED/FROZEN on failure"
          },
          "PROMOTED": {
            "condition": "operator_promoted_certified_authority_after_required_evidence",
            "decision": "allow_promoted_certified_budget",
            "action": "continue_existing_runtime_lifecycle",
            "executor": "tools/v7-users-autoswitch",
            "trigger": "operator_policy_update",
            "written_evidence": "policy.authority_budget plus plan.safety.authority_budget_gate",
            "blocked_actions": [
              "promotion_without_evidence"
            ],
            "next_state": "DEMOTED or FROZEN on risk"
          },
          "DEMOTED": {
            "condition": "risk_or_operator_policy_reduces_authority",
            "decision": "allow_lower_budget",
            "action": "cap_to_demoted_budget",
            "executor": "tools/v7-users-autoswitch",
            "trigger": "authority_budget_gate",
            "written_evidence": "plan.safety.authority_budget_gate.authority_lifecycle",
            "blocked_actions": [
              "apply_above_demoted_budget"
            ],
            "next_state": "CERTIFIED after risk closure"
          },
          "FROZEN": {
            "condition": "truth_or_evidence_unknown",
            "decision": "block_all_runtime_authority",
            "action": "drop_selected_moves_before_restore_barrier_snapshot_apply",
            "executor": "tools/v7-users-autoswitch",
            "trigger": "authority_budget_gate",
            "written_evidence": "plan.safety.authority_budget_gate.authority_lifecycle",
            "blocked_actions": [
              "user_movement",
              "autoswitch_apply",
              "authority_promotion"
            ],
            "next_state": "PREPARED after truth restored"
          },
          "REVOKED": {
            "condition": "authority_revoked_by_operator_or_critical_failure",
            "decision": "block_all_runtime_authority",
            "action": "drop_selected_moves_until_reinstated",
            "executor": "tools/v7-users-autoswitch",
            "trigger": "authority_budget_gate",
            "written_evidence": "plan.safety.authority_budget_gate.authority_lifecycle",
            "blocked_actions": [
              "user_movement",
              "autoswitch_apply",
              "authority_promotion"
            ],
            "next_state": "FROZEN after explicit reinstatement review"
          }
        },
        "new_truth_sources_created": false,
        "duplicate_systems_created": false
      },
      "authority_bridge": {
        "schema_version": "v7.authority-transition-bridge.v1",
        "enabled": false,
        "state": "",
        "from_certified_authority": "CANARY",
        "to_prepared_authority": "CANARY",
        "bridge_budget_ceiling": 0,
        "promotion_certification": false,
        "truth_source": "existing_policy_files",
        "new_truth_sources_created": false,
        "duplicate_systems_created": false,
        "active": false,
        "decision": "not_in_bridge_state",
        "action": "use_certified_authority_gate",
        "blocked_actions": [],
        "next_state": ""
      },
      "anti_flapping_policy": {
        "minimum_residence_seconds": 300,
        "cooldown_seconds": 180,
        "sticky_protection": "existing_autoswitch_safety_state",
        "rollback_penalty_seconds": 3600,
        "promotion_delay_seconds": 900,
        "demotion_delay_seconds": 0
      },
      "policy": {
        "evidence_floor": "one_successful_governed_execution",
        "class_budget_ceiling": 1,
        "new_truth_sources_created": false,
        "new_execution_path_created": false,
        "network_calls_in_apply_path": false,
        "history_scan_in_apply_path": false
      },
      "action_matrix": {
        "condition": "CANARY authority with selected_moves <= 1",
        "decision": "allow_within_authority_budget",
        "action": "continue_existing_restore_barrier_snapshot_and_apply_path",
        "executor": "tools/v7-users-autoswitch",
        "trigger": "planner_selected_moves_ready",
        "written_evidence": "plan.safety.authority_budget_gate",
        "blocked_actions": [
          "selected_moves_above_authority_budget",
          "apply_above_authority_budget"
        ],
        "next_state": "SMALL_BATCH"
      }
    },
    "dynamic_blast_radius": {
      "total_active_users": 0,
      "affected_candidate_moves": 0,
      "selected_after_policy_count": 0,
      "selected_after_request_cap_count": 0,
      "selected_after_authority_budget_count": 0,
      "requested_max_selected_moves": 0,
      "authority_allowed_user_budget": 1,
      "effective_blast_radius": 0,
      "scope": "bounded_by_policy",
      "policy_failover_limit": 25,
      "policy_planned_limit": 1,
      "service_risk_inputs_present": true,
      "platform_health_inputs_present": true
    },
    "cooldown_seconds": 180,
    "required_services": [],
    "anti_flap": {
      "file": "/opt/v7/egress/state/autoswitch-safety.json",
      "users_tracked": 0,
      "egress_tracked": 0,
      "users_frozen": 0,
      "egress_quarantined": 0,
      "policy": {
        "user_freeze_switches_1h": 2,
        "user_freeze_switches_24h": 5,
        "user_freeze_1h_seconds": 3600,
        "user_freeze_24h_seconds": 21600,
        "target_block_seconds": 1800,
        "pair_reversal_window_seconds": 900,
        "egress_quarantine_failed_verifications_1h": 2,
        "egress_quarantine_seconds": 3600
      }
    },
    "generation": {
      "schema_version": 1,
      "planner_generation_id": "0fd29c7012c76a8cb0497e975c8d43f9212c2453c91aa15068ee35c22344ea88",
      "inputs": {
        "users_registry": "",
        "egress_registry": "",
        "service_preferences": "",
        "policy": "",
        "org_policy": ""
      },
      "volatile_inputs": {
        "v7_state": "",
        "egress_speed": "",
        "client_speed": "",
        "route_classes": "",
        "autoswitch_safety": "",
        "service_matrix": "",
        "quality_summary": "",
        "telegram_sentinel": ""
      }
    },
    "reconnect": {
      "policy": {
        "enabled": true,
        "active_age_seconds": 45,
        "reconnect_window_seconds": 120,
        "rotation_cooldown_seconds": 180
      },
      "state_file": "/opt/v7/egress/state/client-reconnect-state.json",
      "events_detected": 0
    },
    "restore_barrier": {
      "file": "/opt/v7/egress/state/autoswitch-restore-barrier.json",
      "enabled": false,
      "active": false,
      "expired": false,
      "cleared": false,
      "post_ttl_blocking": false,
      "failover_quarantine": false,
      "expires_at": "",
      "reason": "",
      "apply_refresh_clearance": {
        "generation_clearance": false,
        "allowed_targets": [],
        "approved_atomic_execution_envelope_id": "",
        "approved_atomic_execution_envelope_hash": "",
        "approved_source_bundle_hash": "",
        "approved_snapshot_bundle_hash": "",
        "owner": ""
      }
    },
    "intelligence_snapshots": {
      "schema_version": "v7.runtime-intelligence-snapshot-gate.v1",
      "root": "/opt/v7/egress/state/intelligence",
      "active": false,
      "mode": "legacy_routing_brain_fallback",
      "stop_required": false,
      "unavailable_reason": "snapshot_reader_import_unavailable:ModuleNotFoundError",
      "results": {},
      "stop_families": [],
      "warn_families": [],
      "ignored_families": [],
      "service_matrix_lock": {
        "schema": "v7.service-matrix-lifecycle-lock.v1",
        "enabled": false,
        "acquired": false,
        "path": "/opt/v7/egress/state/service-matrix.lock",
        "scope": "planner_snapshot_packet_lifecycle",
        "owner": "tools/v7-users-autoswitch",
        "runtime_behavior_changed": false,
        "governance_behavior_changed": false,
        "execution_behavior_changed": false,
        "users_moved": false,
        "decision": "lock_not_required"
      },
      "selected_moves_before_gate": 0,
      "selected_moves_suppressed": false,
      "runtime_behavior_changed": false,
      "governance_behavior_changed": false,
      "execution_behavior_changed": false,
      "hard_gate_override": "forbidden",
      "reservation_override": "forbidden",
      "selected_moves_after_gate": 0
    },
    "atomic_execution_envelope": {
      "schema_version": "v7.atomic-execution-envelope.v1",
      "envelope_id": "aee_b44669cb021060f2979ee57a",
      "envelope_hash": "b44669cb021060f2979ee57af0207f7b8ae317a442d840039d88b1e88e3cf4ab",
      "generation_id": "0fd29c7012c76a8cb0497e975c8d43f9212c2453c91aa15068ee35c22344ea88",
      "selected_move_hash": "4f53cda18c2baa0c0354bb5f9a3ecbe5ed12ab4d8e11ba873c2f11161202b945",
      "selected_move_count": 0,
      "runtime_snapshot_hash": "c41e64ccd42ddc46d2c896446d7ec09e7162298b1263b47933529eb4fbf57097",
      "source_bundle_hash": "5a2c73a781dcfa2a6115d67d385ee0247874ce751f639babf353b8cd16fe6e0d",
      "snapshot_bundle_hash": "c340bfa9d798f558a50d4a0e38f90084ed687d9427428b33aa9d3eb75152911e",
      "source_bundle": {
        "source_hashes": {
          "service_matrix": "2b0fb0a6b3e353c69158d61221c2200e4199d0d60dd0b9d99702a22eaa917a78",
          "quality_summary": "2b0fb0a6b3e353c69158d61221c2200e4199d0d60dd0b9d99702a22eaa917a78",
          "service_preferences": "44136fa355b3678a1146ad16f7e8649e94fb4fc21fe77e8310c060f61caaff8a",
          "users_registry": "",
          "egress_registry": ""
        },
        "hash": "5a2c73a781dcfa2a6115d67d385ee0247874ce751f639babf353b8cd16fe6e0d"
      },
      "snapshot_bundle": {
        "families": {
          "best-available-pool": {
            "source_hashes": {},
            "freshness_state": "",
            "runtime_behavior": "",
            "stop_required": false,
            "validation_ok": false
          },
          "blast-radius-summaries": {
            "source_hashes": {},
            "freshness_state": "",
            "runtime_behavior": "",
            "stop_required": false,
            "validation_ok": false
          },
          "candidate-suitability-summary": {
            "source_hashes": {},
            "freshness_state": "",
            "runtime_behavior": "",
            "stop_required": false,
            "validation_ok": false
          },
          "channel-service-scores": {
            "source_hashes": {},
            "freshness_state": "",
            "runtime_behavior": "",
            "stop_required": false,
            "validation_ok": false
          },
          "prediction-summaries": {
            "source_hashes": {},
            "freshness_state": "",
            "runtime_behavior": "",
            "stop_required": false,
            "validation_ok": false
          },
          "risk-summaries": {
            "source_hashes": {},
            "freshness_state": "",
            "runtime_behavior": "",
            "stop_required": false,
            "validation_ok": false
          },
          "service-scores": {
            "source_hashes": {},
            "freshness_state": "",
            "runtime_behavior": "",
            "stop_required": false,
            "validation_ok": false
          },
          "trust-evolution-summaries": {
            "source_hashes": {},
            "freshness_state": "",
            "runtime_behavior": "",
            "stop_required": false,
            "validation_ok": false
          },
          "trust-summaries": {
            "source_hashes": {},
            "freshness_state": "",
            "runtime_behavior": "",
            "stop_required": false,
            "validation_ok": false
          },
          "user-service-scores": {
            "source_hashes": {},
            "freshness_state": "",
            "runtime_behavior": "",
            "stop_required": false,
            "validation_ok": false
          }
        },
        "hash": "c340bfa9d798f558a50d4a0e38f90084ed687d9427428b33aa9d3eb75152911e",
        "stop_required": false,
        "stop_families": [],
        "source_mismatch_families": []
      },
      "state": {
        "condition": "ENVELOPE_VALID",
        "decision": "continue_governed_execution_path",
        "action": "allow_existing_planner_packet_barrier_apply_validation",
        "executor": "tools/v7-users-autoswitch",
        "trigger": "planner_selected_moves_ready",
        "written_evidence": "plan.safety.atomic_execution_envelope",
        "blocked_actions": [],
        "next_state": "APPLY_VALIDATION",
        "mismatches": []
      },
      "authority": {
        "planner_decision_owner": "tools/v7-users-autoswitch",
        "approval_packet_owner": "admin_core/operator_execution.py",
        "restore_barrier_owner": "admin_core/operator_execution.py",
        "apply_validation_owner": "tools/v7-users-autoswitch",
        "execution_authority": "existing_governed_apply_only",
        "new_truth_source_created": false
      }
    },
    "selected_moves_diagnostics": {
      "source": "planner_no_selection",
      "approved_plan_lock_present": false,
      "approved_plan_lock_ok": false,
      "approved_plan_lock_hash_source": "",
      "selected_moves_before_restore_barrier": 0,
      "selected_moves_after_gate": 0,
      "snapshot_gate_source": "",
      "snapshot_gate_decision": "",
      "snapshot_gate_changed_fields": [],
      "snapshot_gate_material_change": false,
      "approved_plan_lock_consumed": false,
      "planner_recomputed_after_approval": null
    }
  },
  "summary": {
    "users_total": 0,
    "egress_total": 0,
    "healthy_egress_total": 0,
    "candidate_moves": 0,
    "candidate_moves_total": 0,
    "selected_moves": 0,
    "reconnect_rotation_candidates": 0,
    "rebalance_candidates": 0,
    "org_groups": []
  },
  "dynamic_load": {
    "mode": "dynamic",
    "active_users": 0,
    "total_channels": 0,
    "healthy_channels": 0,
    "reserve_only_channels": 0,
    "degraded_or_dead_channels": 0,
    "reserve_ratio": 0.15,
    "reserve_channels": 0,
    "working_channels": 1,
    "avg_load": 0.0,
    "soft_limit": 5,
    "hard_limit": 10,
    "failover_hard_limit": 10,
    "per_egress": {},
    "status": "ok"
  },
  "reconnect_events": [],
  "quality_history": {
    "file": "/opt/v7/egress/state/egress-quality-summary.json",
    "updated": null,
    "tracked_egress": 0
  },
  "org_isolation": {
    "groups": {},
    "egress_group_usage": {}
  },
  "decisions": [],
  "selected_moves": [],
  "apply_result": {
    "applied": false,
    "reason": "dry_run"
  },
  "audit": {
    "action": "runtime_operation_terminal",
    "component": "autoswitch",
    "object_type": "runtime_operation",
    "object_id": "runtime_autoswitch_51fd5a5151007246f95a0fd6",
    "result": "DRY_RUN",
    "metadata": {
      "operation_id": "runtime_autoswitch_51fd5a5151007246f95a0fd6",
      "operation_owner": "tools/v7-users-autoswitch",
      "operation_type": "runtime_autoswitch",
      "planner_generation_id": "0fd29c7012c76a8cb0497e975c8d43f9212c2453c91aa15068ee35c22344ea88",
      "selected_move_hash": "4f53cda18c2baa0c0354bb5f9a3ecbe5ed12ab4d8e11ba873c2f11161202b945",
      "selected_move_count": 0,
      "runtime_snapshot_hash": "c41e64ccd42ddc46d2c896446d7ec09e7162298b1263b47933529eb4fbf57097",
      "terminal_state": "DRY_RUN",
      "terminal_reason": "dry_run_no_selected_moves",
      "restore_barrier_status": "settled",
      "rollback_verdict": "",
      "apply_requested": false,
      "mode": "guarded",
      "target_egress": ""
    },
    "emitted": false,
    "status": "ready_not_emitted_dry_run"
  },
  "closure_target": {
    "object_type": "runtime",
    "object_id": "runtime_autoswitch_51fd5a5151007246f95a0fd6",
    "closure_owner": "admin/v7-admin-api",
    "observability_owner": "admin_core/operator_observability.py",
    "closure_state": "OPEN",
    "closure_blocker": "audit_missing"
  }
}
